Archive member included to satisfy reference by file (symbol)

c:/st/stm32cubeide_1.12.0/stm32cubeide/plugins/com.st.stm32cube.ide.mcu.externaltools.gnu-tools-for-stm32.10.3-2021.10.win32_1.0.200.202301161003/tools/bin/../lib/gcc/arm-none-eabi/10.3.1/../../../../arm-none-eabi/lib/thumb/v7e-m+fp/hard\libc_nano.a(lib_a-errno.o)
                              ./Core/Src/syscalls.o (__errno)
c:/st/stm32cubeide_1.12.0/stm32cubeide/plugins/com.st.stm32cube.ide.mcu.externaltools.gnu-tools-for-stm32.10.3-2021.10.win32_1.0.200.202301161003/tools/bin/../lib/gcc/arm-none-eabi/10.3.1/../../../../arm-none-eabi/lib/thumb/v7e-m+fp/hard\libc_nano.a(lib_a-exit.o)
                              c:/st/stm32cubeide_1.12.0/stm32cubeide/plugins/com.st.stm32cube.ide.mcu.externaltools.gnu-tools-for-stm32.10.3-2021.10.win32_1.0.200.202301161003/tools/bin/../lib/gcc/arm-none-eabi/10.3.1/../../../../arm-none-eabi/lib/thumb/v7e-m+fp/hard/crt0.o (exit)
c:/st/stm32cubeide_1.12.0/stm32cubeide/plugins/com.st.stm32cube.ide.mcu.externaltools.gnu-tools-for-stm32.10.3-2021.10.win32_1.0.200.202301161003/tools/bin/../lib/gcc/arm-none-eabi/10.3.1/../../../../arm-none-eabi/lib/thumb/v7e-m+fp/hard\libc_nano.a(lib_a-impure.o)
                              c:/st/stm32cubeide_1.12.0/stm32cubeide/plugins/com.st.stm32cube.ide.mcu.externaltools.gnu-tools-for-stm32.10.3-2021.10.win32_1.0.200.202301161003/tools/bin/../lib/gcc/arm-none-eabi/10.3.1/../../../../arm-none-eabi/lib/thumb/v7e-m+fp/hard\libc_nano.a(lib_a-exit.o) (_global_impure_ptr)
c:/st/stm32cubeide_1.12.0/stm32cubeide/plugins/com.st.stm32cube.ide.mcu.externaltools.gnu-tools-for-stm32.10.3-2021.10.win32_1.0.200.202301161003/tools/bin/../lib/gcc/arm-none-eabi/10.3.1/../../../../arm-none-eabi/lib/thumb/v7e-m+fp/hard\libc_nano.a(lib_a-init.o)
                              c:/st/stm32cubeide_1.12.0/stm32cubeide/plugins/com.st.stm32cube.ide.mcu.externaltools.gnu-tools-for-stm32.10.3-2021.10.win32_1.0.200.202301161003/tools/bin/../lib/gcc/arm-none-eabi/10.3.1/../../../../arm-none-eabi/lib/thumb/v7e-m+fp/hard/crt0.o (__libc_init_array)
c:/st/stm32cubeide_1.12.0/stm32cubeide/plugins/com.st.stm32cube.ide.mcu.externaltools.gnu-tools-for-stm32.10.3-2021.10.win32_1.0.200.202301161003/tools/bin/../lib/gcc/arm-none-eabi/10.3.1/../../../../arm-none-eabi/lib/thumb/v7e-m+fp/hard\libc_nano.a(lib_a-memset.o)
                              c:/st/stm32cubeide_1.12.0/stm32cubeide/plugins/com.st.stm32cube.ide.mcu.externaltools.gnu-tools-for-stm32.10.3-2021.10.win32_1.0.200.202301161003/tools/bin/../lib/gcc/arm-none-eabi/10.3.1/../../../../arm-none-eabi/lib/thumb/v7e-m+fp/hard/crt0.o (memset)
c:/st/stm32cubeide_1.12.0/stm32cubeide/plugins/com.st.stm32cube.ide.mcu.externaltools.gnu-tools-for-stm32.10.3-2021.10.win32_1.0.200.202301161003/tools/bin/../lib/gcc/arm-none-eabi/10.3.1/../../../../arm-none-eabi/lib/thumb/v7e-m+fp/hard\libc_nano.a(lib_a-strlen.o)
                              ./Core/Src/sdk_uart.o (strlen)
c:/st/stm32cubeide_1.12.0/stm32cubeide/plugins/com.st.stm32cube.ide.mcu.externaltools.gnu-tools-for-stm32.10.3-2021.10.win32_1.0.200.202301161003/tools/bin/../lib/gcc/arm-none-eabi/10.3.1/thumb/v7e-m+fp/hard\libgcc.a(_aeabi_ldivmod.o)
                              ./Core/Src/calc.o (__aeabi_ldivmod)
c:/st/stm32cubeide_1.12.0/stm32cubeide/plugins/com.st.stm32cube.ide.mcu.externaltools.gnu-tools-for-stm32.10.3-2021.10.win32_1.0.200.202301161003/tools/bin/../lib/gcc/arm-none-eabi/10.3.1/thumb/v7e-m+fp/hard\libgcc.a(_aeabi_uldivmod.o)
                              ./Drivers/STM32F4xx_HAL_Driver/Src/stm32f4xx_hal_rcc.o (__aeabi_uldivmod)
c:/st/stm32cubeide_1.12.0/stm32cubeide/plugins/com.st.stm32cube.ide.mcu.externaltools.gnu-tools-for-stm32.10.3-2021.10.win32_1.0.200.202301161003/tools/bin/../lib/gcc/arm-none-eabi/10.3.1/thumb/v7e-m+fp/hard\libgcc.a(_udivmoddi4.o)
                              c:/st/stm32cubeide_1.12.0/stm32cubeide/plugins/com.st.stm32cube.ide.mcu.externaltools.gnu-tools-for-stm32.10.3-2021.10.win32_1.0.200.202301161003/tools/bin/../lib/gcc/arm-none-eabi/10.3.1/thumb/v7e-m+fp/hard\libgcc.a(_aeabi_ldivmod.o) (__udivmoddi4)
c:/st/stm32cubeide_1.12.0/stm32cubeide/plugins/com.st.stm32cube.ide.mcu.externaltools.gnu-tools-for-stm32.10.3-2021.10.win32_1.0.200.202301161003/tools/bin/../lib/gcc/arm-none-eabi/10.3.1/thumb/v7e-m+fp/hard\libgcc.a(_dvmd_tls.o)
                              c:/st/stm32cubeide_1.12.0/stm32cubeide/plugins/com.st.stm32cube.ide.mcu.externaltools.gnu-tools-for-stm32.10.3-2021.10.win32_1.0.200.202301161003/tools/bin/../lib/gcc/arm-none-eabi/10.3.1/thumb/v7e-m+fp/hard\libgcc.a(_aeabi_ldivmod.o) (__aeabi_ldiv0)

Discarded input sections

 .text          0x0000000000000000        0x0 c:/st/stm32cubeide_1.12.0/stm32cubeide/plugins/com.st.stm32cube.ide.mcu.externaltools.gnu-tools-for-stm32.10.3-2021.10.win32_1.0.200.202301161003/tools/bin/../lib/gcc/arm-none-eabi/10.3.1/thumb/v7e-m+fp/hard/crti.o
[...]
Memory Configuration

Name             Origin             Length             Attributes
CCMRAM           0x0000000010000000 0x0000000000010000 xrw
RAM              0x0000000020000000 0x0000000000030000 xrw
FLASH            0x0000000008000000 0x0000000000200000 xr
*default*        0x0000000000000000 0xffffffffffffffff

Linker script and memory map

LOAD c:/st/stm32cubeide_1.12.0/stm32cubeide/plugins/com.st.stm32cube.ide.mcu.externaltools.gnu-tools-for-stm32.10.3-2021.10.win32_1.0.200.202301161003/tools/bin/../lib/gcc/arm-none-eabi/10.3.1/thumb/v7e-m+fp/hard/crti.o
LOAD c:/st/stm32cubeide_1.12.0/stm32cubeide/plugins/com.st.stm32cube.ide.mcu.externaltools.gnu-tools-for-stm32.10.3-2021.10.win32_1.0.200.202301161003/tools/bin/../lib/gcc/arm-none-eabi/10.3.1/thumb/v7e-m+fp/hard/crtbegin.o
LOAD c:/st/stm32cubeide_1.12.0/stm32cubeide/plugins/com.st.stm32cube.ide.mcu.externaltools.gnu-tools-for-stm32.10.3-2021.10.win32_1.0.200.202301161003/tools/bin/../lib/gcc/arm-none-eabi/10.3.1/../../../../arm-none-eabi/lib/thumb/v7e-m+fp/hard/crt0.o
LOAD ./Core/Src/calc.o
LOAD ./Core/Src/fonts.o
LOAD ./Core/Src/gpio.o
LOAD ./Core/Src/i2c.o
LOAD ./Core/Src/kb.o
LOAD ./Core/Src/main.o
LOAD ./Core/Src/oled.o
LOAD ./Core/Src/pca9538.o
LOAD ./Core/Src/sdk_uart.o
LOAD ./Core/Src/stm32f4xx_hal_msp.o
LOAD ./Core/Src/stm32f4xx_it.o
LOAD ./Core/Src/syscalls.o
LOAD ./Core/Src/system_stm32f4xx.o
LOAD ./Core/Src/usart.o
LOAD ./Core/Startup/startup_stm32f427vitx.o
LOAD ./Drivers/STM32F4xx_HAL_Driver/Src/stm32f4xx_hal.o
LOAD ./Drivers/STM32F4xx_HAL_Driver/Src/stm32f4xx_hal_cortex.o
LOAD ./Drivers/STM32F4xx_HAL_Driver/Src/stm32f4xx_hal_dma.o
LOAD ./Drivers/STM32F4xx_HAL_Driver/Src/stm32f4xx_hal_dma_ex.o
LOAD ./Drivers/STM32F4xx_HAL_Driver/Src/stm32f4xx_hal_exti.o
LOAD ./Drivers/STM32F4xx_HAL_Driver/Src/stm32f4xx_hal_flash.o
LOAD ./Drivers/STM32F4xx_HAL_Driver/Src/stm32f4xx_hal_flash_ex.o
LOAD ./Drivers/STM32F4xx_HAL_Driver/Src/stm32f4xx_hal_flash_ramfunc.o
LOAD ./Drivers/STM32F4xx_HAL_Driver/Src/stm32f4xx_hal_gpio.o
LOAD ./Drivers/STM32F4xx_HAL_Driver/Src/stm32f4xx_hal_i2c.o
LOAD ./Drivers/STM32F4xx_HAL_Driver/Src/stm32f4xx_hal_i2c_ex.o
LOAD ./Drivers/STM32F4xx_HAL_Driver/Src/stm32f4xx_hal_pwr.o
LOAD ./Drivers/STM32F4xx_HAL_Driver/Src/stm32f4xx_hal_pwr_ex.o
LOAD ./Drivers/STM32F4xx_HAL_Driver/Src/stm32f4xx_hal_rcc.o
LOAD ./Drivers/STM32F4xx_HAL_Driver/Src/stm32f4xx_hal_rcc_ex.o
LOAD ./Drivers/STM32F4xx_HAL_Driver/Src/stm32f4xx_hal_tim.o
LOAD ./Drivers/STM32F4xx_HAL_Driver/Src/stm32f4xx_hal_tim_ex.o
LOAD ./Drivers/STM32F4xx_HAL_Driver/Src/stm32f4xx_hal_uart.o
START GROUP
LOAD c:/st/stm32cubeide_1.12.0/stm32cubeide/plugins/com.st.stm32cube.ide.mcu.externaltools.gnu-tools-for-stm32.10.3-2021.10.win32_1.0.200.202301161003/tools/bin/../lib/gcc/arm-none-eabi/10.3.1/../../../../arm-none-eabi/lib/thumb/v7e-m+fp/hard\libc_nano.a
LOAD c:/st/stm32cubeide_1.12.0/stm32cubeide/plugins/com.st.stm32cube.ide.mcu.externaltools.gnu-tools-for-stm32.10.3-2021.10.win32_1.0.200.202301161003/tools/bin/../lib/gcc/arm-none-eabi/10.3.1/../../../../arm-none-eabi/lib/thumb/v7e-m+fp/hard\libm.a
END GROUP
START GROUP
LOAD c:/st/stm32cubeide_1.12.0/stm32cubeide/plugins/com.st.stm32cube.ide.mcu.externaltools.gnu-tools-for-stm32.10.3-2021.10.win32_1.0.200.202301161003/tools/bin/../lib/gcc/arm-none-eabi/10.3.1/thumb/v7e-m+fp/hard\libgcc.a
LOAD c:/st/stm32cubeide_1.12.0/stm32cubeide/plugins/com.st.stm32cube.ide.mcu.externaltools.gnu-tools-for-stm32.10.3-2021.10.win32_1.0.200.202301161003/tools/bin/../lib/gcc/arm-none-eabi/10.3.1/../../../../arm-none-eabi/lib/thumb/v7e-m+fp/hard\libc_nano.a
END GROUP
START GROUP
LOAD c:/st/stm32cubeide_1.12.0/stm32cubeide/plugins/com.st.stm32cube.ide.mcu.externaltools.gnu-tools-for-stm32.10.3-2021.10.win32_1.0.200.202301161003/tools/bin/../lib/gcc/arm-none-eabi/10.3.1/thumb/v7e-m+fp/hard\libgcc.a
LOAD c:/st/stm32cubeide_1.12.0/stm32cubeide/plugins/com.st.stm32cube.ide.mcu.externaltools.gnu-tools-for-stm32.10.3-2021.10.win32_1.0.200.202301161003/tools/bin/../lib/gcc/arm-none-eabi/10.3.1/../../../../arm-none-eabi/lib/thumb/v7e-m+fp/hard\libc_nano.a
LOAD c:/st/stm32cubeide_1.12.0/stm32cubeide/plugins/com.st.stm32cube.ide.mcu.externaltools.gnu-tools-for-stm32.10.3-2021.10.win32_1.0.200.202301161003/tools/bin/../lib/gcc/arm-none-eabi/10.3.1/../../../../arm-none-eabi/lib/thumb/v7e-m+fp/hard\libnosys.a
END GROUP
START GROUP
LOAD c:/st/stm32cubeide_1.12.0/stm32cubeide/plugins/com.st.stm32cube.ide.mcu.externaltools.gnu-tools-for-stm32.10.3-2021.10.win32_1.0.200.202301161003/tools/bin/../lib/gcc/arm-none-eabi/10.3.1/thumb/v7e-m+fp/hard\libgcc.a
LOAD c:/st/stm32cubeide_1.12.0/stm32cubeide/plugins/com.st.stm32cube.ide.mcu.externaltools.gnu-tools-for-stm32.10.3-2021.10.win32_1.0.200.202301161003/tools/bin/../lib/gcc/arm-none-eabi/10.3.1/../../../../arm-none-eabi/lib/thumb/v7e-m+fp/hard\libc_nano.a
LOAD c:/st/stm32cubeide_1.12.0/stm32cubeide/plugins/com.st.stm32cube.ide.mcu.externaltools.gnu-tools-for-stm32.10.3-2021.10.win32_1.0.200.202301161003/tools/bin/../lib/gcc/arm-none-eabi/10.3.1/../../../../arm-none-eabi/lib/thumb/v7e-m+fp/hard\libnosys.a
END GROUP
LOAD c:/st/stm32cubeide_1.12.0/stm32cubeide/plugins/com.st.stm32cube.ide.mcu.externaltools.gnu-tools-for-stm32.10.3-2021.10.win32_1.0.200.202301161003/tools/bin/../lib/gcc/arm-none-eabi/10.3.1/thumb/v7e-m+fp/hard/crtend.o
LOAD c:/st/stm32cubeide_1.12.0/stm32cubeide/plugins/com.st.stm32cube.ide.mcu.externaltools.gnu-tools-for-stm32.10.3-2021.10.win32_1.0.200.202301161003/tools/bin/../lib/gcc/arm-none-eabi/10.3.1/thumb/v7e-m+fp/hard/crtn.o
                0x0000000020030000                _estack = (ORIGIN (RAM) + LENGTH (RAM))
                0x0000000000000200                _Min_Heap_Size = 0x200
                0x0000000000000400                _Min_Stack_Size = 0x400

.isr_vector     0x0000000008000000      0x1ac
                0x0000000008000000                . = ALIGN (0x4)
 *(.isr_vector)
 .isr_vector    0x0000000008000000      0x1ac ./Core/Startup/startup_stm32f427vitx.o
                0x0000000008000000                g_pfnVectors
                0x00000000080001ac                . = ALIGN (0x4)

.text           0x00000000080001ac     0x3bbc
                0x00000000080001ac                . = ALIGN (0x4)
 *(.text)
 .text          0x00000000080001ac       0x40 c:/st/stm32cubeide_1.12.0/stm32cubeide/plugins/com.st.stm32cube.ide.mcu.externaltools.gnu-tools-for-stm32.10.3-2021.10.win32_1.0.200.202301161003/tools/bin/../lib/gcc/arm-none-eabi/10.3.1/thumb/v7e-m+fp/hard/crtbegin.o
 .text          0x00000000080001ec       0x10 c:/st/stm32cubeide_1.12.0/stm32cubeide/plugins/com.st.stm32cube.ide.mcu.externaltools.gnu-tools-for-stm32.10.3-2021.10.win32_1.0.200.202301161003/tools/bin/../lib/gcc/arm-none-eabi/10.3.1/../../../../arm-none-eabi/lib/thumb/v7e-m+fp/hard\libc_nano.a(lib_a-strlen.o)
                0x00000000080001ec                strlen
 .text          0x00000000080001fc       0xa0 c:/st/stm32cubeide_1.12.0/stm32cubeide/plugins/com.st.stm32cube.ide.mcu.externaltools.gnu-tools-for-stm32.10.3-2021.10.win32_1.0.200.202301161003/tools/bin/../lib/gcc/arm-none-eabi/10.3.1/thumb/v7e-m+fp/hard\libgcc.a(_aeabi_ldivmod.o)
                0x00000000080001fc                __aeabi_ldivmod
 .text          0x000000000800029c       0x30 c:/st/stm32cubeide_1.12.0/stm32cubeide/plugins/com.st.stm32cube.ide.mcu.externaltools.gnu-tools-for-stm32.10.3-2021.10.win32_1.0.200.202301161003/tools/bin/../lib/gcc/arm-none-eabi/10.3.1/thumb/v7e-m+fp/hard\libgcc.a(_aeabi_uldivmod.o)
                0x000000000800029c                __aeabi_uldivmod
 .text          0x00000000080002cc      0x2d0 c:/st/stm32cubeide_1.12.0/stm32cubeide/plugins/com.st.stm32cube.ide.mcu.externaltools.gnu-tools-for-stm32.10.3-2021.10.win32_1.0.200.202301161003/tools/bin/../lib/gcc/arm-none-eabi/10.3.1/thumb/v7e-m+fp/hard\libgcc.a(_udivmoddi4.o)
                0x00000000080002cc                __udivmoddi4
 .text          0x000000000800059c        0x4 c:/st/stm32cubeide_1.12.0/stm32cubeide/plugins/com.st.stm32cube.ide.mcu.externaltools.gnu-tools-for-stm32.10.3-2021.10.win32_1.0.200.202301161003/tools/bin/../lib/gcc/arm-none-eabi/10.3.1/thumb/v7e-m+fp/hard\libgcc.a(_dvmd_tls.o)
                0x000000000800059c                __aeabi_idiv0
                0x000000000800059c                __aeabi_ldiv0
 *(.text*)
 .text.write_number
                0x00000000080005a0       0xe4 ./Core/Src/calc.o
                0x00000000080005a0                write_number
 .text.run      0x0000000008000684      0x554 ./Core/Src/calc.o
                0x0000000008000684                run
 .text.MX_GPIO_Init
                0x0000000008000bd8       0x50 ./Core/Src/gpio.o
                0x0000000008000bd8                MX_GPIO_Init
 .text.MX_I2C1_Init
                0x0000000008000c28       0x5c ./Core/Src/i2c.o
                0x0000000008000c28                MX_I2C1_Init
 .text.HAL_I2C_MspInit
                0x0000000008000c84       0x90 ./Core/Src/i2c.o
                0x0000000008000c84                HAL_I2C_MspInit
 .text.Set_Keyboard
                0x0000000008000d14       0x64 ./Core/Src/kb.o
                0x0000000008000d14                Set_Keyboard
 .text.Check_Row
                0x0000000008000d78      0x190 ./Core/Src/kb.o
                0x0000000008000d78                Check_Row
 .text.main     0x0000000008000f08       0x26 ./Core/Src/main.o
                0x0000000008000f08                main
 *fill*         0x0000000008000f2e        0x2 
 .text.SystemClock_Config
                0x0000000008000f30       0xd4 ./Core/Src/main.o
                0x0000000008000f30                SystemClock_Config
 .text.Error_Handler
                0x0000000008001004        0xe ./Core/Src/main.o
                0x0000000008001004                Error_Handler
 *fill*         0x0000000008001012        0x2 
 .text.oled_WriteCommand
                0x0000000008001014       0x30 ./Core/Src/oled.o
 .text.oled_Reset
                0x0000000008001044       0x1a ./Core/Src/oled.o
                0x0000000008001044                oled_Reset
 *fill*         0x000000000800105e        0x2 
 .text.oled_Init
                0x0000000008001060       0xd8 ./Core/Src/oled.o
                0x0000000008001060                oled_Init
 .text.oled_Fill
                0x0000000008001138       0x48 ./Core/Src/oled.o
                0x0000000008001138                oled_Fill
 .text.oled_UpdateScreen
                0x0000000008001180       0x60 ./Core/Src/oled.o
                0x0000000008001180                oled_UpdateScreen
 .text.oled_DrawPixel
                0x00000000080011e0       0xc0 ./Core/Src/oled.o
                0x00000000080011e0                oled_DrawPixel
 .text.oled_WriteChar
                0x00000000080012a0      0x100 ./Core/Src/oled.o
                0x00000000080012a0                oled_WriteChar
 .text.oled_WriteString
                0x00000000080013a0       0x4c ./Core/Src/oled.o
                0x00000000080013a0                oled_WriteString
 .text.oled_SetCursor
                0x00000000080013ec       0x30 ./Core/Src/oled.o
                0x00000000080013ec                oled_SetCursor
 .text.PCA9538_Read_Register
                0x000000000800141c       0x40 ./Core/Src/pca9538.o
                0x000000000800141c                PCA9538_Read_Register
 .text.PCA9538_Write_Register
                0x000000000800145c       0x40 ./Core/Src/pca9538.o
                0x000000000800145c                PCA9538_Write_Register
 .text.PCA9538_Read_Inputs
                0x000000000800149c       0x22 ./Core/Src/pca9538.o
                0x000000000800149c                PCA9538_Read_Inputs
 *fill*         0x00000000080014be        0x2 
 .text.UART_Transmit
                0x00000000080014c0       0x2c ./Core/Src/sdk_uart.o
                0x00000000080014c0                UART_Transmit
 .text.HAL_MspInit
                0x00000000080014ec       0x50 ./Core/Src/stm32f4xx_hal_msp.o
                0x00000000080014ec                HAL_MspInit
 .text.NMI_Handler
                0x000000000800153c        0xe ./Core/Src/stm32f4xx_it.o
                0x000000000800153c                NMI_Handler
 .text.HardFault_Handler
                0x000000000800154a        0x6 ./Core/Src/stm32f4xx_it.o
                0x000000000800154a                HardFault_Handler
 .text.MemManage_Handler
                0x0000000008001550        0x6 ./Core/Src/stm32f4xx_it.o
                0x0000000008001550                MemManage_Handler
 .text.BusFault_Handler
                0x0000000008001556        0x6 ./Core/Src/stm32f4xx_it.o
                0x0000000008001556                BusFault_Handler
 .text.UsageFault_Handler
                0x000000000800155c        0x6 ./Core/Src/stm32f4xx_it.o
                0x000000000800155c                UsageFault_Handler
 .text.SVC_Handler
                0x0000000008001562        0xe ./Core/Src/stm32f4xx_it.o
                0x0000000008001562                SVC_Handler
 .text.DebugMon_Handler
                0x0000000008001570        0xe ./Core/Src/stm32f4xx_it.o
                0x0000000008001570                DebugMon_Handler
 .text.PendSV_Handler
                0x000000000800157e        0xe ./Core/Src/stm32f4xx_it.o
                0x000000000800157e                PendSV_Handler
 .text.SysTick_Handler
                0x000000000800158c        0xc ./Core/Src/stm32f4xx_it.o
                0x000000000800158c                SysTick_Handler
 .text.SystemInit
                0x0000000008001598       0x24 ./Core/Src/system_stm32f4xx.o
                0x0000000008001598                SystemInit
 .text.MX_USART6_UART_Init
                0x00000000080015bc       0x54 ./Core/Src/usart.o
                0x00000000080015bc                MX_USART6_UART_Init
 .text.HAL_UART_MspInit
                0x0000000008001610       0x90 ./Core/Src/usart.o
                0x0000000008001610                HAL_UART_MspInit
 .text.Reset_Handler
                0x00000000080016a0       0x50 ./Core/Startup/startup_stm32f427vitx.o
                0x00000000080016a0                Reset_Handler
 .text.Default_Handler
                0x00000000080016f0        0x2 ./Core/Startup/startup_stm32f427vitx.o
                0x00000000080016f0                RTC_Alarm_IRQHandler
                0x00000000080016f0                HASH_RNG_IRQHandler
                0x00000000080016f0                EXTI2_IRQHandler
                0x00000000080016f0                TIM8_CC_IRQHandler
                0x00000000080016f0                UART8_IRQHandler
                0x00000000080016f0                SPI4_IRQHandler
                0x00000000080016f0                TIM1_CC_IRQHandler
                0x00000000080016f0                DMA2_Stream5_IRQHandler
                0x00000000080016f0                DMA1_Stream5_IRQHandler
                0x00000000080016f0                PVD_IRQHandler
                0x00000000080016f0                SDIO_IRQHandler
                0x00000000080016f0                TAMP_STAMP_IRQHandler
                0x00000000080016f0                CAN2_RX1_IRQHandler
                0x00000000080016f0                EXTI3_IRQHandler
                0x00000000080016f0                TIM8_TRG_COM_TIM14_IRQHandler
                0x00000000080016f0                TIM1_UP_TIM10_IRQHandler
                0x00000000080016f0                TIM8_UP_TIM13_IRQHandler
                0x00000000080016f0                I2C3_ER_IRQHandler
                0x00000000080016f0                EXTI0_IRQHandler
                0x00000000080016f0                I2C2_EV_IRQHandler
                0x00000000080016f0                DMA1_Stream2_IRQHandler
                0x00000000080016f0                CAN1_RX0_IRQHandler
                0x00000000080016f0                FPU_IRQHandler
                0x00000000080016f0                OTG_HS_WKUP_IRQHandler
                0x00000000080016f0                CAN2_SCE_IRQHandler
                0x00000000080016f0                DMA2_Stream2_IRQHandler
                0x00000000080016f0                SPI1_IRQHandler
                0x00000000080016f0                TIM6_DAC_IRQHandler
                0x00000000080016f0                TIM1_BRK_TIM9_IRQHandler
                0x00000000080016f0                DCMI_IRQHandler
                0x00000000080016f0                CAN2_RX0_IRQHandler
                0x00000000080016f0                DMA2_Stream3_IRQHandler
                0x00000000080016f0                USART6_IRQHandler
                0x00000000080016f0                USART3_IRQHandler
                0x00000000080016f0                CAN1_RX1_IRQHandler
                0x00000000080016f0                UART5_IRQHandler
                0x00000000080016f0                DMA2_Stream0_IRQHandler
                0x00000000080016f0                TIM4_IRQHandler
                0x00000000080016f0                I2C1_EV_IRQHandler
                0x00000000080016f0                DMA1_Stream6_IRQHandler
                0x00000000080016f0                DMA1_Stream1_IRQHandler
                0x00000000080016f0                UART4_IRQHandler
                0x00000000080016f0                TIM3_IRQHandler
                0x00000000080016f0                RCC_IRQHandler
                0x00000000080016f0                TIM8_BRK_TIM12_IRQHandler
                0x00000000080016f0                Default_Handler
                0x00000000080016f0                EXTI15_10_IRQHandler
                0x00000000080016f0                ADC_IRQHandler
                0x00000000080016f0                DMA1_Stream7_IRQHandler
                0x00000000080016f0                SPI5_IRQHandler
                0x00000000080016f0                TIM7_IRQHandler
                0x00000000080016f0                CAN2_TX_IRQHandler
                0x00000000080016f0                TIM5_IRQHandler
                0x00000000080016f0                DMA2_Stream7_IRQHandler
                0x00000000080016f0                I2C3_EV_IRQHandler
                0x00000000080016f0                EXTI9_5_IRQHandler
                0x00000000080016f0                RTC_WKUP_IRQHandler
                0x00000000080016f0                ETH_WKUP_IRQHandler
                0x00000000080016f0                SPI2_IRQHandler
                0x00000000080016f0                OTG_HS_EP1_IN_IRQHandler
                0x00000000080016f0                DMA1_Stream0_IRQHandler
                0x00000000080016f0                CAN1_TX_IRQHandler
                0x00000000080016f0                EXTI4_IRQHandler
                0x00000000080016f0                ETH_IRQHandler
                0x00000000080016f0                OTG_HS_EP1_OUT_IRQHandler
                0x00000000080016f0                WWDG_IRQHandler
                0x00000000080016f0                SPI6_IRQHandler
                0x00000000080016f0                TIM2_IRQHandler
                0x00000000080016f0                OTG_FS_WKUP_IRQHandler
                0x00000000080016f0                TIM1_TRG_COM_TIM11_IRQHandler
                0x00000000080016f0                OTG_HS_IRQHandler
                0x00000000080016f0                DMA2D_IRQHandler
                0x00000000080016f0                EXTI1_IRQHandler
                0x00000000080016f0                UART7_IRQHandler
                0x00000000080016f0                USART2_IRQHandler
                0x00000000080016f0                I2C2_ER_IRQHandler
                0x00000000080016f0                DMA2_Stream1_IRQHandler
                0x00000000080016f0                CAN1_SCE_IRQHandler
                0x00000000080016f0                FLASH_IRQHandler
                0x00000000080016f0                DMA2_Stream4_IRQHandler
                0x00000000080016f0                USART1_IRQHandler
                0x00000000080016f0                OTG_FS_IRQHandler
                0x00000000080016f0                SPI3_IRQHandler
                0x00000000080016f0                DMA1_Stream4_IRQHandler
                0x00000000080016f0                I2C1_ER_IRQHandler
                0x00000000080016f0                FMC_IRQHandler
                0x00000000080016f0                DMA2_Stream6_IRQHandler
                0x00000000080016f0                SAI1_IRQHandler
                0x00000000080016f0                DMA1_Stream3_IRQHandler
 *fill*         0x00000000080016f2        0x2 
 .text.HAL_Init
                0x00000000080016f4       0x44 ./Drivers/STM32F4xx_HAL_Driver/Src/stm32f4xx_hal.o
                0x00000000080016f4                HAL_Init
 .text.HAL_InitTick
                0x0000000008001738       0x60 ./Drivers/STM32F4xx_HAL_Driver/Src/stm32f4xx_hal.o
                0x0000000008001738                HAL_InitTick
 .text.HAL_IncTick
                0x0000000008001798       0x28 ./Drivers/STM32F4xx_HAL_Driver/Src/stm32f4xx_hal.o
                0x0000000008001798                HAL_IncTick
 .text.HAL_GetTick
                0x00000000080017c0       0x18 ./Drivers/STM32F4xx_HAL_Driver/Src/stm32f4xx_hal.o
                0x00000000080017c0                HAL_GetTick
 .text.HAL_Delay
                0x00000000080017d8       0x48 ./Drivers/STM32F4xx_HAL_Driver/Src/stm32f4xx_hal.o
                0x00000000080017d8                HAL_Delay
 .text.__NVIC_SetPriorityGrouping
                0x0000000008001820       0x48 ./Drivers/STM32F4xx_HAL_Driver/Src/stm32f4xx_hal_cortex.o
 .text.__NVIC_GetPriorityGrouping
                0x0000000008001868       0x1c ./Drivers/STM32F4xx_HAL_Driver/Src/stm32f4xx_hal_cortex.o
 .text.__NVIC_SetPriority
                0x0000000008001884       0x54 ./Drivers/STM32F4xx_HAL_Driver/Src/stm32f4xx_hal_cortex.o
 .text.NVIC_EncodePriority
                0x00000000080018d8       0x66 ./Drivers/STM32F4xx_HAL_Driver/Src/stm32f4xx_hal_cortex.o
 *fill*         0x000000000800193e        0x2 
 .text.SysTick_Config
                0x0000000008001940       0x44 ./Drivers/STM32F4xx_HAL_Driver/Src/stm32f4xx_hal_cortex.o
 .text.HAL_NVIC_SetPriorityGrouping
                0x0000000008001984       0x16 ./Drivers/STM32F4xx_HAL_Driver/Src/stm32f4xx_hal_cortex.o
                0x0000000008001984                HAL_NVIC_SetPriorityGrouping
 .text.HAL_NVIC_SetPriority
                0x000000000800199a       0x38 ./Drivers/STM32F4xx_HAL_Driver/Src/stm32f4xx_hal_cortex.o
                0x000000000800199a                HAL_NVIC_SetPriority
 .text.HAL_SYSTICK_Config
                0x00000000080019d2       0x18 ./Drivers/STM32F4xx_HAL_Driver/Src/stm32f4xx_hal_cortex.o
                0x00000000080019d2                HAL_SYSTICK_Config
 *fill*         0x00000000080019ea        0x2 
 .text.HAL_GPIO_Init
                0x00000000080019ec      0x358 ./Drivers/STM32F4xx_HAL_Driver/Src/stm32f4xx_hal_gpio.o
                0x00000000080019ec                HAL_GPIO_Init
 .text.HAL_I2C_Init
                0x0000000008001d44      0x288 ./Drivers/STM32F4xx_HAL_Driver/Src/stm32f4xx_hal_i2c.o
                0x0000000008001d44                HAL_I2C_Init
 .text.HAL_I2C_Mem_Write
                0x0000000008001fcc      0x1f4 ./Drivers/STM32F4xx_HAL_Driver/Src/stm32f4xx_hal_i2c.o
                0x0000000008001fcc                HAL_I2C_Mem_Write
 .text.HAL_I2C_Mem_Read
                0x00000000080021c0      0x44c ./Drivers/STM32F4xx_HAL_Driver/Src/stm32f4xx_hal_i2c.o
                0x00000000080021c0                HAL_I2C_Mem_Read
 .text.I2C_RequestMemoryWrite
                0x000000000800260c      0x12c ./Drivers/STM32F4xx_HAL_Driver/Src/stm32f4xx_hal_i2c.o
 .text.I2C_RequestMemoryRead
                0x0000000008002738      0x1d0 ./Drivers/STM32F4xx_HAL_Driver/Src/stm32f4xx_hal_i2c.o
 .text.I2C_WaitOnFlagUntilTimeout
                0x0000000008002908       0xae ./Drivers/STM32F4xx_HAL_Driver/Src/stm32f4xx_hal_i2c.o
 .text.I2C_WaitOnMasterAddressFlagUntilTimeout
                0x00000000080029b6       0xfe ./Drivers/STM32F4xx_HAL_Driver/Src/stm32f4xx_hal_i2c.o
 .text.I2C_WaitOnTXEFlagUntilTimeout
                0x0000000008002ab4       0x82 ./Drivers/STM32F4xx_HAL_Driver/Src/stm32f4xx_hal_i2c.o
 .text.I2C_WaitOnBTFFlagUntilTimeout
                0x0000000008002b36       0x82 ./Drivers/STM32F4xx_HAL_Driver/Src/stm32f4xx_hal_i2c.o
 .text.I2C_WaitOnRXNEFlagUntilTimeout
                0x0000000008002bb8       0xac ./Drivers/STM32F4xx_HAL_Driver/Src/stm32f4xx_hal_i2c.o
 .text.I2C_IsAcknowledgeFailed
                0x0000000008002c64       0x5e ./Drivers/STM32F4xx_HAL_Driver/Src/stm32f4xx_hal_i2c.o
 *fill*         0x0000000008002cc2        0x2 
 .text.HAL_RCC_OscConfig
                0x0000000008002cc4      0x4f0 ./Drivers/STM32F4xx_HAL_Driver/Src/stm32f4xx_hal_rcc.o
                0x0000000008002cc4                HAL_RCC_OscConfig
 .text.HAL_RCC_ClockConfig
                0x00000000080031b4      0x1cc ./Drivers/STM32F4xx_HAL_Driver/Src/stm32f4xx_hal_rcc.o
                0x00000000080031b4                HAL_RCC_ClockConfig
 .text.HAL_RCC_GetSysClockFreq
                0x0000000008003380      0x18c ./Drivers/STM32F4xx_HAL_Driver/Src/stm32f4xx_hal_rcc.o
                0x0000000008003380                HAL_RCC_GetSysClockFreq
 .text.HAL_RCC_GetHCLKFreq
                0x000000000800350c       0x18 ./Drivers/STM32F4xx_HAL_Driver/Src/stm32f4xx_hal_rcc.o
                0x000000000800350c                HAL_RCC_GetHCLKFreq
 .text.HAL_RCC_GetPCLK1Freq
                0x0000000008003524       0x28 ./Drivers/STM32F4xx_HAL_Driver/Src/stm32f4xx_hal_rcc.o
                0x0000000008003524                HAL_RCC_GetPCLK1Freq
 .text.HAL_RCC_GetPCLK2Freq
                0x000000000800354c       0x28 ./Drivers/STM32F4xx_HAL_Driver/Src/stm32f4xx_hal_rcc.o
                0x000000000800354c                HAL_RCC_GetPCLK2Freq
 .text.HAL_UART_Init
                0x0000000008003574       0x9a ./Drivers/STM32F4xx_HAL_Driver/Src/stm32f4xx_hal_uart.o
                0x0000000008003574                HAL_UART_Init
 .text.HAL_UART_Transmit
                0x000000000800360e      0x124 ./Drivers/STM32F4xx_HAL_Driver/Src/stm32f4xx_hal_uart.o
                0x000000000800360e                HAL_UART_Transmit
 .text.UART_WaitOnFlagUntilTimeout
                0x0000000008003732       0xdc ./Drivers/STM32F4xx_HAL_Driver/Src/stm32f4xx_hal_uart.o
 *fill*         0x000000000800380e        0x2 
 .text.UART_SetConfig
                0x0000000008003810      0x4e8 ./Drivers/STM32F4xx_HAL_Driver/Src/stm32f4xx_hal_uart.o
 .text.__libc_init_array
                0x0000000008003cf8       0x48 c:/st/stm32cubeide_1.12.0/stm32cubeide/plugins/com.st.stm32cube.ide.mcu.externaltools.gnu-tools-for-stm32.10.3-2021.10.win32_1.0.200.202301161003/tools/bin/../lib/gcc/arm-none-eabi/10.3.1/../../../../arm-none-eabi/lib/thumb/v7e-m+fp/hard\libc_nano.a(lib_a-init.o)
                0x0000000008003cf8                __libc_init_array
 .text.memset   0x0000000008003d40       0x10 c:/st/stm32cubeide_1.12.0/stm32cubeide/plugins/com.st.stm32cube.ide.mcu.externaltools.gnu-tools-for-stm32.10.3-2021.10.win32_1.0.200.202301161003/tools/bin/../lib/gcc/arm-none-eabi/10.3.1/../../../../arm-none-eabi/lib/thumb/v7e-m+fp/hard\libc_nano.a(lib_a-memset.o)
                0x0000000008003d40                memset
 *(.glue_7)
 .glue_7        0x0000000008003d50        0x0 linker stubs
 *(.glue_7t)
 .glue_7t       0x0000000008003d50        0x0 linker stubs
 *(.eh_frame)
 .eh_frame      0x0000000008003d50        0x0 c:/st/stm32cubeide_1.12.0/stm32cubeide/plugins/com.st.stm32cube.ide.mcu.externaltools.gnu-tools-for-stm32.10.3-2021.10.win32_1.0.200.202301161003/tools/bin/../lib/gcc/arm-none-eabi/10.3.1/thumb/v7e-m+fp/hard/crtbegin.o
 *(.init)
 .init          0x0000000008003d50        0x4 c:/st/stm32cubeide_1.12.0/stm32cubeide/plugins/com.st.stm32cube.ide.mcu.externaltools.gnu-tools-for-stm32.10.3-2021.10.win32_1.0.200.202301161003/tools/bin/../lib/gcc/arm-none-eabi/10.3.1/thumb/v7e-m+fp/hard/crti.o
                0x0000000008003d50                _init
 .init          0x0000000008003d54        0x8 c:/st/stm32cubeide_1.12.0/stm32cubeide/plugins/com.st.stm32cube.ide.mcu.externaltools.gnu-tools-for-stm32.10.3-2021.10.win32_1.0.200.202301161003/tools/bin/../lib/gcc/arm-none-eabi/10.3.1/thumb/v7e-m+fp/hard/crtn.o
 *(.fini)
 .fini          0x0000000008003d5c        0x4 c:/st/stm32cubeide_1.12.0/stm32cubeide/plugins/com.st.stm32cube.ide.mcu.externaltools.gnu-tools-for-stm32.10.3-2021.10.win32_1.0.200.202301161003/tools/bin/../lib/gcc/arm-none-eabi/10.3.1/thumb/v7e-m+fp/hard/crti.o
                0x0000000008003d5c                _fini
 .fini          0x0000000008003d60        0x8 c:/st/stm32cubeide_1.12.0/stm32cubeide/plugins/com.st.stm32cube.ide.mcu.externaltools.gnu-tools-for-stm32.10.3-2021.10.win32_1.0.200.202301161003/tools/bin/../lib/gcc/arm-none-eabi/10.3.1/thumb/v7e-m+fp/hard/crtn.o
                0x0000000008003d68                . = ALIGN (0x4)
                0x0000000008003d68                _etext = .

.vfp11_veneer   0x0000000008003d68        0x0
 .vfp11_veneer  0x0000000008003d68        0x0 linker stubs

.v4_bx          0x0000000008003d68        0x0
 .v4_bx         0x0000000008003d68        0x0 linker stubs

.iplt           0x0000000008003d68        0x0
 .iplt          0x0000000008003d68        0x0 c:/st/stm32cubeide_1.12.0/stm32cubeide/plugins/com.st.stm32cube.ide.mcu.externaltools.gnu-tools-for-stm32.10.3-2021.10.win32_1.0.200.202301161003/tools/bin/../lib/gcc/arm-none-eabi/10.3.1/thumb/v7e-m+fp/hard/crtbegin.o

.rodata         0x0000000008003d68     0x1548
                0x0000000008003d68                . = ALIGN (0x4)
 *(.rodata)
 .rodata        0x0000000008003d68        0x7 ./Core/Src/calc.o
 *fill*         0x0000000008003d6f        0x1 
 .rodata        0x0000000008003d70       0x60 ./Core/Src/kb.o
 *(.rodata*)
 .rodata.Font7x10
                0x0000000008003dd0      0x76c ./Core/Src/fonts.o
 .rodata.Font11x18
                0x000000000800453c      0xd5c ./Core/Src/fonts.o
 .rodata.AHBPrescTable
                0x0000000008005298       0x10 ./Core/Src/system_stm32f4xx.o
                0x0000000008005298                AHBPrescTable
 .rodata.APBPrescTable
                0x00000000080052a8        0x8 ./Core/Src/system_stm32f4xx.o
                0x00000000080052a8                APBPrescTable
                0x00000000080052b0                . = ALIGN (0x4)

.ARM.extab      0x00000000080052b0        0x0
                0x00000000080052b0                . = ALIGN (0x4)
 *(.ARM.extab* .gnu.linkonce.armextab.*)
                0x00000000080052b0                . = ALIGN (0x4)

.ARM            0x00000000080052b0        0x8
                0x00000000080052b0                . = ALIGN (0x4)
                0x00000000080052b0                __exidx_start = .
 *(.ARM.exidx*)
 .ARM.exidx     0x00000000080052b0        0x8 c:/st/stm32cubeide_1.12.0/stm32cubeide/plugins/com.st.stm32cube.ide.mcu.externaltools.gnu-tools-for-stm32.10.3-2021.10.win32_1.0.200.202301161003/tools/bin/../lib/gcc/arm-none-eabi/10.3.1/thumb/v7e-m+fp/hard\libgcc.a(_udivmoddi4.o)
                0x00000000080052b8                __exidx_end = .
                0x00000000080052b8                . = ALIGN (0x4)

.rel.dyn        0x00000000080052b8        0x0
 .rel.iplt      0x00000000080052b8        0x0 c:/st/stm32cubeide_1.12.0/stm32cubeide/plugins/com.st.stm32cube.ide.mcu.externaltools.gnu-tools-for-stm32.10.3-2021.10.win32_1.0.200.202301161003/tools/bin/../lib/gcc/arm-none-eabi/10.3.1/thumb/v7e-m+fp/hard/crtbegin.o

.preinit_array  0x00000000080052b8        0x0
                0x00000000080052b8                . = ALIGN (0x4)
                0x00000000080052b8                PROVIDE (__preinit_array_start = .)
 *(.preinit_array*)
                0x00000000080052b8                PROVIDE (__preinit_array_end = .)
                0x00000000080052b8                . = ALIGN (0x4)

.init_array     0x00000000080052b8        0x4
                0x00000000080052b8                . = ALIGN (0x4)
                0x00000000080052b8                PROVIDE (__init_array_start = .)
 *(SORT_BY_NAME(.init_array.*))
 *(.init_array*)
 .init_array    0x00000000080052b8        0x4 c:/st/stm32cubeide_1.12.0/stm32cubeide/plugins/com.st.stm32cube.ide.mcu.externaltools.gnu-tools-for-stm32.10.3-2021.10.win32_1.0.200.202301161003/tools/bin/../lib/gcc/arm-none-eabi/10.3.1/thumb/v7e-m+fp/hard/crtbegin.o
                0x00000000080052bc                PROVIDE (__init_array_end = .)
                0x00000000080052bc                . = ALIGN (0x4)

.fini_array     0x00000000080052bc        0x4
                0x00000000080052bc                . = ALIGN (0x4)
                [!provide]                        PROVIDE (__fini_array_start = .)
 *(SORT_BY_NAME(.fini_array.*))
 *(.fini_array*)
 .fini_array    0x00000000080052bc        0x4 c:/st/stm32cubeide_1.12.0/stm32cubeide/plugins/com.st.stm32cube.ide.mcu.externaltools.gnu-tools-for-stm32.10.3-2021.10.win32_1.0.200.202301161003/tools/bin/../lib/gcc/arm-none-eabi/10.3.1/thumb/v7e-m+fp/hard/crtbegin.o
                [!provide]                        PROVIDE (__fini_array_end = .)
                0x00000000080052c0                . = ALIGN (0x4)
                0x00000000080052c0                _sidata = LOADADDR (.data)

.data           0x0000000020000000       0x1c load address 0x00000000080052c0
                0x0000000020000000                . = ALIGN (0x4)
                0x0000000020000000                _sdata = .
 *(.data)
 *(.data*)
 .data.Font_7x10
                0x0000000020000000        0x8 ./Core/Src/fonts.o
                0x0000000020000000                Font_7x10
 .data.Font_11x18
                0x0000000020000008        0x8 ./Core/Src/fonts.o
                0x0000000020000008                Font_11x18
 .data.SystemCoreClock
                0x0000000020000010        0x4 ./Core/Src/system_stm32f4xx.o
                0x0000000020000010                SystemCoreClock
 .data.uwTickPrio
                0x0000000020000014        0x4 ./Drivers/STM32F4xx_HAL_Driver/Src/stm32f4xx_hal.o
                0x0000000020000014                uwTickPrio
 .data.uwTickFreq
                0x0000000020000018        0x1 ./Drivers/STM32F4xx_HAL_Driver/Src/stm32f4xx_hal.o
                0x0000000020000018                uwTickFreq
 *(.RamFunc)
 *(.RamFunc*)
                0x000000002000001c                . = ALIGN (0x4)
 *fill*         0x0000000020000019        0x3 
                0x000000002000001c                _edata = .
                0x00000000080052dc                _siccmram = LOADADDR (.ccmram)

.igot.plt       0x000000002000001c        0x0 load address 0x00000000080052dc
 .igot.plt      0x000000002000001c        0x0 c:/st/stm32cubeide_1.12.0/stm32cubeide/plugins/com.st.stm32cube.ide.mcu.externaltools.gnu-tools-for-stm32.10.3-2021.10.win32_1.0.200.202301161003/tools/bin/../lib/gcc/arm-none-eabi/10.3.1/thumb/v7e-m+fp/hard/crtbegin.o

.ccmram         0x0000000010000000        0x0 load address 0x00000000080052dc
                0x0000000010000000                . = ALIGN (0x4)
                0x0000000010000000                _sccmram = .
 *(.ccmram)
 *(.ccmram*)
                0x0000000010000000                . = ALIGN (0x4)
                0x0000000010000000                _eccmram = .
                0x0000000010000000                . = ALIGN (0x4)

.bss            0x000000002000001c      0x4c0
                0x000000002000001c                _sbss = .
                0x000000002000001c                __bss_start__ = _sbss
 *(.bss)
 .bss           0x000000002000001c       0x1c c:/st/stm32cubeide_1.12.0/stm32cubeide/plugins/com.st.stm32cube.ide.mcu.externaltools.gnu-tools-for-stm32.10.3-2021.10.win32_1.0.200.202301161003/tools/bin/../lib/gcc/arm-none-eabi/10.3.1/thumb/v7e-m+fp/hard/crtbegin.o
 *(.bss*)
 .bss.hi2c1     0x0000000020000038       0x54 ./Core/Src/i2c.o
                0x0000000020000038                hi2c1
 .bss.OLED_Buffer
                0x000000002000008c      0x400 ./Core/Src/oled.o
 .bss.OLED      0x000000002000048c        0x6 ./Core/Src/oled.o
 *fill*         0x0000000020000492        0x2 
 .bss.huart6    0x0000000020000494       0x44 ./Core/Src/usart.o
                0x0000000020000494                huart6
 .bss.uwTick    0x00000000200004d8        0x4 ./Drivers/STM32F4xx_HAL_Driver/Src/stm32f4xx_hal.o
                0x00000000200004d8                uwTick
 *(COMMON)
                0x00000000200004dc                . = ALIGN (0x4)
                0x00000000200004dc                _ebss = .
                0x00000000200004dc                __bss_end__ = _ebss

._user_heap_stack
                0x00000000200004dc      0x604
                0x00000000200004e0                . = ALIGN (0x8)
 *fill*         0x00000000200004dc        0x4 
                0x00000000200004e0                PROVIDE (end = .)
                [!provide]                        PROVIDE (_end = .)
                0x00000000200006e0                . = (. + _Min_Heap_Size)
 *fill*         0x00000000200004e0      0x200 
                0x0000000020000ae0                . = (. + _Min_Stack_Size)
 *fill*         0x00000000200006e0      0x400 
                0x0000000020000ae0                . = ALIGN (0x8)

/DISCARD/
 libc.a(*)
 libm.a(*)
 libgcc.a(*)

.ARM.attributes
                0x0000000000000000       0x30
 *(.ARM.attributes)
 .ARM.attributes
                0x0000000000000000       0x1e c:/st/stm32cubeide_1.12.0/stm32cubeide/plugins/com.st.stm32cube.ide.mcu.externaltools.gnu-tools-for-stm32.10.3-2021.10.win32_1.0.200.202301161003/tools/bin/../lib/gcc/arm-none-eabi/10.3.1/thumb/v7e-m+fp/hard/crti.o
 .ARM.attributes
                0x000000000000001e       0x34 c:/st/stm32cubeide_1.12.0/stm32cubeide/plugins/com.st.stm32cube.ide.mcu.externaltools.gnu-tools-for-stm32.10.3-2021.10.win32_1.0.200.202301161003/tools/bin/../lib/gcc/arm-none-eabi/10.3.1/thumb/v7e-m+fp/hard/crtbegin.o
 .ARM.attributes
                0x0000000000000052       0x34 ./Core/Src/calc.o
 .ARM.attributes
                0x0000000000000086       0x34 ./Core/Src/fonts.o
 .ARM.attributes
                0x00000000000000ba       0x34 ./Core/Src/gpio.o
 .ARM.attributes
                0x00000000000000ee       0x34 ./Core/Src/i2c.o
 .ARM.attributes
                0x0000000000000122       0x34 ./Core/Src/kb.o
 .ARM.attributes
                0x0000000000000156       0x34 ./Core/Src/main.o
 .ARM.attributes
                0x000000000000018a       0x34 ./Core/Src/oled.o
 .ARM.attributes
                0x00000000000001be       0x34 ./Core/Src/pca9538.o
 .ARM.attributes
                0x00000000000001f2       0x34 ./Core/Src/sdk_uart.o
 .ARM.attributes
                0x0000000000000226       0x34 ./Core/Src/stm32f4xx_hal_msp.o
 .ARM.attributes
                0x000000000000025a       0x34 ./Core/Src/stm32f4xx_it.o
 .ARM.attributes
                0x000000000000028e       0x34 ./Core/Src/system_stm32f4xx.o
 .ARM.attributes
                0x00000000000002c2       0x34 ./Core/Src/usart.o
 .ARM.attributes
                0x00000000000002f6       0x21 ./Core/Startup/startup_stm32f427vitx.o
 .ARM.attributes
                0x0000000000000317       0x34 ./Drivers/STM32F4xx_HAL_Driver/Src/stm32f4xx_hal.o
 .ARM.attributes
                0x000000000000034b       0x34 ./Drivers/STM32F4xx_HAL_Driver/Src/stm32f4xx_hal_cortex.o
 .ARM.attributes
                0x000000000000037f       0x34 ./Drivers/STM32F4xx_HAL_Driver/Src/stm32f4xx_hal_gpio.o
 .ARM.attributes
                0x00000000000003b3       0x34 ./Drivers/STM32F4xx_HAL_Driver/Src/stm32f4xx_hal_i2c.o
 .ARM.attributes
                0x00000000000003e7       0x34 ./Drivers/STM32F4xx_HAL_Driver/Src/stm32f4xx_hal_rcc.o
 .ARM.attributes
                0x000000000000041b       0x34 ./Drivers/STM32F4xx_HAL_Driver/Src/stm32f4xx_hal_uart.o
 .ARM.attributes
                0x000000000000044f       0x34 c:/st/stm32cubeide_1.12.0/stm32cubeide/plugins/com.st.stm32cube.ide.mcu.externaltools.gnu-tools-for-stm32.10.3-2021.10.win32_1.0.200.202301161003/tools/bin/../lib/gcc/arm-none-eabi/10.3.1/../../../../arm-none-eabi/lib/thumb/v7e-m+fp/hard\libc_nano.a(lib_a-init.o)
 .ARM.attributes
                0x0000000000000483       0x34 c:/st/stm32cubeide_1.12.0/stm32cubeide/plugins/com.st.stm32cube.ide.mcu.externaltools.gnu-tools-for-stm32.10.3-2021.10.win32_1.0.200.202301161003/tools/bin/../lib/gcc/arm-none-eabi/10.3.1/../../../../arm-none-eabi/lib/thumb/v7e-m+fp/hard\libc_nano.a(lib_a-memset.o)
 .ARM.attributes
                0x00000000000004b7       0x17 c:/st/stm32cubeide_1.12.0/stm32cubeide/plugins/com.st.stm32cube.ide.mcu.externaltools.gnu-tools-for-stm32.10.3-2021.10.win32_1.0.200.202301161003/tools/bin/../lib/gcc/arm-none-eabi/10.3.1/../../../../arm-none-eabi/lib/thumb/v7e-m+fp/hard\libc_nano.a(lib_a-strlen.o)
 .ARM.attributes
                0x00000000000004ce       0x1e c:/st/stm32cubeide_1.12.0/stm32cubeide/plugins/com.st.stm32cube.ide.mcu.externaltools.gnu-tools-for-stm32.10.3-2021.10.win32_1.0.200.202301161003/tools/bin/../lib/gcc/arm-none-eabi/10.3.1/thumb/v7e-m+fp/hard\libgcc.a(_aeabi_ldivmod.o)
 .ARM.attributes
                0x00000000000004ec       0x1e c:/st/stm32cubeide_1.12.0/stm32cubeide/plugins/com.st.stm32cube.ide.mcu.externaltools.gnu-tools-for-stm32.10.3-2021.10.win32_1.0.200.202301161003/tools/bin/../lib/gcc/arm-none-eabi/10.3.1/thumb/v7e-m+fp/hard\libgcc.a(_aeabi_uldivmod.o)
 .ARM.attributes
                0x000000000000050a       0x34 c:/st/stm32cubeide_1.12.0/stm32cubeide/plugins/com.st.stm32cube.ide.mcu.externaltools.gnu-tools-for-stm32.10.3-2021.10.win32_1.0.200.202301161003/tools/bin/../lib/gcc/arm-none-eabi/10.3.1/thumb/v7e-m+fp/hard\libgcc.a(_udivmoddi4.o)
 .ARM.attributes
                0x000000000000053e       0x1e c:/st/stm32cubeide_1.12.0/stm32cubeide/plugins/com.st.stm32cube.ide.mcu.externaltools.gnu-tools-for-stm32.10.3-2021.10.win32_1.0.200.202301161003/tools/bin/../lib/gcc/arm-none-eabi/10.3.1/thumb/v7e-m+fp/hard\libgcc.a(_dvmd_tls.o)
 .ARM.attributes
                0x000000000000055c       0x1e c:/st/stm32cubeide_1.12.0/stm32cubeide/plugins/com.st.stm32cube.ide.mcu.externaltools.gnu-tools-for-stm32.10.3-2021.10.win32_1.0.200.202301161003/tools/bin/../lib/gcc/arm-none-eabi/10.3.1/thumb/v7e-m+fp/hard/crtn.o
OUTPUT(Lab2.elf elf32-littlearm)
LOAD linker stubs
LOAD c:/st/stm32cubeide_1.12.0/stm32cubeide/plugins/com.st.stm32cube.ide.mcu.externaltools.gnu-tools-for-stm32.10.3-2021.10.win32_1.0.200.202301161003/tools/bin/../lib/gcc/arm-none-eabi/10.3.1/../../../../arm-none-eabi/lib/thumb/v7e-m+fp/hard\libc.a
LOAD c:/st/stm32cubeide_1.12.0/stm32cubeide/plugins/com.st.stm32cube.ide.mcu.externaltools.gnu-tools-for-stm32.10.3-2021.10.win32_1.0.200.202301161003/tools/bin/../lib/gcc/arm-none-eabi/10.3.1/../../../../arm-none-eabi/lib/thumb/v7e-m+fp/hard\libm.a
LOAD c:/st/stm32cubeide_1.12.0/stm32cubeide/plugins/com.st.stm32cube.ide.mcu.externaltools.gnu-tools-for-stm32.10.3-2021.10.win32_1.0.200.202301161003/tools/bin/../lib/gcc/arm-none-eabi/10.3.1/thumb/v7e-m+fp/hard\libgcc.a

.debug_info     0x0000000000000000     0xc805
 .debug_info    0x0000000000000000      0x3d1 ./Core/Src/calc.o
 .debug_info    0x00000000000003d1      0x1b5 ./Core/Src/fonts.o
 .debug_info    0x0000000000000586      0x2c4 ./Core/Src/gpio.o
 .debug_info    0x000000000000084a      0xa38 ./Core/Src/i2c.o
 .debug_info    0x0000000000001282      0x207 ./Core/Src/kb.o
 .debug_info    0x0000000000001489      0x541 ./Core/Src/main.o
 .debug_info    0x00000000000019ca      0xb0a ./Core/Src/oled.o
 .debug_info    0x00000000000024d4      0x875 ./Core/Src/pca9538.o
 .debug_info    0x0000000000002d49      0x6b2 ./Core/Src/sdk_uart.o
 .debug_info    0x00000000000033fb      0x2c4 ./Core/Src/stm32f4xx_hal_msp.o
 .debug_info    0x00000000000036bf      0x121 ./Core/Src/stm32f4xx_it.o
 .debug_info    0x00000000000037e0      0x53f ./Core/Src/system_stm32f4xx.o
 .debug_info    0x0000000000003d1f      0x9bc ./Core/Src/usart.o
 .debug_info    0x00000000000046db       0x22 ./Core/Startup/startup_stm32f427vitx.o
 .debug_info    0x00000000000046fd      0x9e8 ./Drivers/STM32F4xx_HAL_Driver/Src/stm32f4xx_hal.o
 .debug_info    0x00000000000050e5      0xe45 ./Drivers/STM32F4xx_HAL_Driver/Src/stm32f4xx_hal_cortex.o
 .debug_info    0x0000000000005f2a      0x786 ./Drivers/STM32F4xx_HAL_Driver/Src/stm32f4xx_hal_gpio.o
 .debug_info    0x00000000000066b0     0x2617 ./Drivers/STM32F4xx_HAL_Driver/Src/stm32f4xx_hal_i2c.o
 .debug_info    0x0000000000008cc7      0x982 ./Drivers/STM32F4xx_HAL_Driver/Src/stm32f4xx_hal_rcc.o
 .debug_info    0x0000000000009649     0x31bc ./Drivers/STM32F4xx_HAL_Driver/Src/stm32f4xx_hal_uart.o

.debug_abbrev   0x0000000000000000     0x20db
 .debug_abbrev  0x0000000000000000      0x1a1 ./Core/Src/calc.o
 .debug_abbrev  0x00000000000001a1       0xad ./Core/Src/fonts.o
 .debug_abbrev  0x000000000000024e       0xd4 ./Core/Src/gpio.o
 .debug_abbrev  0x0000000000000322      0x1e0 ./Core/Src/i2c.o
 .debug_abbrev  0x0000000000000502      0x110 ./Core/Src/kb.o
 .debug_abbrev  0x0000000000000612      0x1bb ./Core/Src/main.o
 .debug_abbrev  0x00000000000007cd      0x239 ./Core/Src/oled.o
 .debug_abbrev  0x0000000000000a06      0x1bf ./Core/Src/pca9538.o
 .debug_abbrev  0x0000000000000bc5      0x1a3 ./Core/Src/sdk_uart.o
 .debug_abbrev  0x0000000000000d68       0xd4 ./Core/Src/stm32f4xx_hal_msp.o
 .debug_abbrev  0x0000000000000e3c       0x74 ./Core/Src/stm32f4xx_it.o
 .debug_abbrev  0x0000000000000eb0      0x116 ./Core/Src/system_stm32f4xx.o
 .debug_abbrev  0x0000000000000fc6      0x1e7 ./Core/Src/usart.o
 .debug_abbrev  0x00000000000011ad       0x12 ./Core/Startup/startup_stm32f427vitx.o
 .debug_abbrev  0x00000000000011bf      0x20d ./Drivers/STM32F4xx_HAL_Driver/Src/stm32f4xx_hal.o
 .debug_abbrev  0x00000000000013cc      0x316 ./Drivers/STM32F4xx_HAL_Driver/Src/stm32f4xx_hal_cortex.o
 .debug_abbrev  0x00000000000016e2      0x1c4 ./Drivers/STM32F4xx_HAL_Driver/Src/stm32f4xx_hal_gpio.o
 .debug_abbrev  0x00000000000018a6      0x297 ./Drivers/STM32F4xx_HAL_Driver/Src/stm32f4xx_hal_i2c.o
 .debug_abbrev  0x0000000000001b3d      0x2aa ./Drivers/STM32F4xx_HAL_Driver/Src/stm32f4xx_hal_rcc.o
 .debug_abbrev  0x0000000000001de7      0x2f4 ./Drivers/STM32F4xx_HAL_Driver/Src/stm32f4xx_hal_uart.o

.debug_aranges  0x0000000000000000      0xa68
 .debug_aranges
                0x0000000000000000       0x28 ./Core/Src/calc.o
 .debug_aranges
                0x0000000000000028       0x18 ./Core/Src/fonts.o
 .debug_aranges
                0x0000000000000040       0x20 ./Core/Src/gpio.o
 .debug_aranges
                0x0000000000000060       0x30 ./Core/Src/i2c.o
 .debug_aranges
                0x0000000000000090       0x28 ./Core/Src/kb.o
 .debug_aranges
                0x00000000000000b8       0x30 ./Core/Src/main.o
 .debug_aranges
                0x00000000000000e8       0x80 ./Core/Src/oled.o
 .debug_aranges
                0x0000000000000168       0x40 ./Core/Src/pca9538.o
 .debug_aranges
                0x00000000000001a8       0x28 ./Core/Src/sdk_uart.o
 .debug_aranges
                0x00000000000001d0       0x20 ./Core/Src/stm32f4xx_hal_msp.o
 .debug_aranges
                0x00000000000001f0       0x60 ./Core/Src/stm32f4xx_it.o
 .debug_aranges
                0x0000000000000250       0x28 ./Core/Src/system_stm32f4xx.o
 .debug_aranges
                0x0000000000000278       0x30 ./Core/Src/usart.o
 .debug_aranges
                0x00000000000002a8       0x28 ./Core/Startup/startup_stm32f427vitx.o
 .debug_aranges
                0x00000000000002d0      0x100 ./Drivers/STM32F4xx_HAL_Driver/Src/stm32f4xx_hal.o
 .debug_aranges
                0x00000000000003d0      0x118 ./Drivers/STM32F4xx_HAL_Driver/Src/stm32f4xx_hal_cortex.o
 .debug_aranges
                0x00000000000004e8       0x58 ./Drivers/STM32F4xx_HAL_Driver/Src/stm32f4xx_hal_gpio.o
 .debug_aranges
                0x0000000000000540      0x2a0 ./Drivers/STM32F4xx_HAL_Driver/Src/stm32f4xx_hal_i2c.o
 .debug_aranges
                0x00000000000007e0       0x88 ./Drivers/STM32F4xx_HAL_Driver/Src/stm32f4xx_hal_rcc.o
 .debug_aranges
                0x0000000000000868      0x200 ./Drivers/STM32F4xx_HAL_Driver/Src/stm32f4xx_hal_uart.o

.debug_ranges   0x0000000000000000      0x970
 .debug_ranges  0x0000000000000000       0x18 ./Core/Src/calc.o
 .debug_ranges  0x0000000000000018       0x10 ./Core/Src/gpio.o
 .debug_ranges  0x0000000000000028       0x20 ./Core/Src/i2c.o
 .debug_ranges  0x0000000000000048       0x18 ./Core/Src/kb.o
 .debug_ranges  0x0000000000000060       0x20 ./Core/Src/main.o
 .debug_ranges  0x0000000000000080       0x70 ./Core/Src/oled.o
 .debug_ranges  0x00000000000000f0       0x30 ./Core/Src/pca9538.o
 .debug_ranges  0x0000000000000120       0x18 ./Core/Src/sdk_uart.o
 .debug_ranges  0x0000000000000138       0x10 ./Core/Src/stm32f4xx_hal_msp.o
 .debug_ranges  0x0000000000000148       0x50 ./Core/Src/stm32f4xx_it.o
 .debug_ranges  0x0000000000000198       0x18 ./Core/Src/system_stm32f4xx.o
 .debug_ranges  0x00000000000001b0       0x20 ./Core/Src/usart.o
 .debug_ranges  0x00000000000001d0       0x20 ./Core/Startup/startup_stm32f427vitx.o
 .debug_ranges  0x00000000000001f0       0xf0 ./Drivers/STM32F4xx_HAL_Driver/Src/stm32f4xx_hal.o
 .debug_ranges  0x00000000000002e0      0x108 ./Drivers/STM32F4xx_HAL_Driver/Src/stm32f4xx_hal_cortex.o
 .debug_ranges  0x00000000000003e8       0x48 ./Drivers/STM32F4xx_HAL_Driver/Src/stm32f4xx_hal_gpio.o
 .debug_ranges  0x0000000000000430      0x2a8 ./Drivers/STM32F4xx_HAL_Driver/Src/stm32f4xx_hal_i2c.o
 .debug_ranges  0x00000000000006d8       0x78 ./Drivers/STM32F4xx_HAL_Driver/Src/stm32f4xx_hal_rcc.o
 .debug_ranges  0x0000000000000750      0x220 ./Drivers/STM32F4xx_HAL_Driver/Src/stm32f4xx_hal_uart.o

.debug_macro    0x0000000000000000    0x23acb
 .debug_macro   0x0000000000000000      0x245 ./Core/Src/calc.o
 .debug_macro   0x0000000000000245      0xa78 ./Core/Src/calc.o
 .debug_macro   0x0000000000000cbd       0x22 ./Core/Src/calc.o
 .debug_macro   0x0000000000000cdf       0x4c ./Core/Src/calc.o
 .debug_macro   0x0000000000000d2b       0x1e ./Core/Src/calc.o
 .debug_macro   0x0000000000000d49       0x94 ./Core/Src/calc.o
 .debug_macro   0x0000000000000ddd       0x3c ./Core/Src/calc.o
 .debug_macro   0x0000000000000e19      0x103 ./Core/Src/calc.o
 .debug_macro   0x0000000000000f1c       0x3a ./Core/Src/calc.o
 .debug_macro   0x0000000000000f56       0x57 ./Core/Src/calc.o
 .debug_macro   0x0000000000000fad       0x6a ./Core/Src/calc.o
 .debug_macro   0x0000000000001017      0x1df ./Core/Src/calc.o
 .debug_macro   0x00000000000011f6       0x82 ./Core/Src/calc.o
 .debug_macro   0x0000000000001278      0x460 ./Core/Src/calc.o
 .debug_macro   0x00000000000016d8      0x29b ./Core/Src/calc.o
 .debug_macro   0x0000000000001973       0x2e ./Core/Src/calc.o
 .debug_macro   0x00000000000019a1       0x28 ./Core/Src/calc.o
 .debug_macro   0x00000000000019c9       0x1c ./Core/Src/calc.o
 .debug_macro   0x00000000000019e5       0x22 ./Core/Src/calc.o
 .debug_macro   0x0000000000001a07       0xd9 ./Core/Src/calc.o
 .debug_macro   0x0000000000001ae0     0x102d ./Core/Src/calc.o
 .debug_macro   0x0000000000002b0d      0x11f ./Core/Src/calc.o
 .debug_macro   0x0000000000002c2c    0x178a0 ./Core/Src/calc.o
 .debug_macro   0x000000000001a4cc       0x6d ./Core/Src/calc.o
 .debug_macro   0x000000000001a539     0x36f5 ./Core/Src/calc.o
 .debug_macro   0x000000000001dc2e      0x104 ./Core/Src/calc.o
 .debug_macro   0x000000000001dd32       0x5c ./Core/Src/calc.o
 .debug_macro   0x000000000001dd8e      0xc6d ./Core/Src/calc.o
 .debug_macro   0x000000000001e9fb      0x9fe ./Core/Src/calc.o
 .debug_macro   0x000000000001f3f9      0x115 ./Core/Src/calc.o
 .debug_macro   0x000000000001f50e      0x16f ./Core/Src/calc.o
 .debug_macro   0x000000000001f67d       0xa5 ./Core/Src/calc.o
 .debug_macro   0x000000000001f722      0x182 ./Core/Src/calc.o
 .debug_macro   0x000000000001f8a4      0x287 ./Core/Src/calc.o
 .debug_macro   0x000000000001fb2b       0x5f ./Core/Src/calc.o
 .debug_macro   0x000000000001fb8a      0x236 ./Core/Src/calc.o
 .debug_macro   0x000000000001fdc0      0x132 ./Core/Src/calc.o
 .debug_macro   0x000000000001fef2      0x41d ./Core/Src/calc.o
 .debug_macro   0x000000000002030f       0x2e ./Core/Src/calc.o
 .debug_macro   0x000000000002033d      0x1b5 ./Core/Src/calc.o
 .debug_macro   0x00000000000204f2       0x22 ./Core/Src/calc.o
 .debug_macro   0x0000000000020514       0xd6 ./Core/Src/calc.o
 .debug_macro   0x00000000000205ea      0x11a ./Core/Src/calc.o
 .debug_macro   0x0000000000020704       0xe2 ./Core/Src/calc.o
 .debug_macro   0x00000000000207e6       0x89 ./Core/Src/calc.o
 .debug_macro   0x000000000002086f      0x295 ./Core/Src/calc.o
 .debug_macro   0x0000000000020b04      0x134 ./Core/Src/calc.o
 .debug_macro   0x0000000000020c38       0x22 ./Core/Src/calc.o
 .debug_macro   0x0000000000020c5a       0x22 ./Core/Src/calc.o
 .debug_macro   0x0000000000020c7c      0x1dd ./Core/Src/fonts.o
 .debug_macro   0x0000000000020e59       0x8e ./Core/Src/fonts.o
 .debug_macro   0x0000000000020ee7       0x51 ./Core/Src/fonts.o
 .debug_macro   0x0000000000020f38      0x174 ./Core/Src/fonts.o
 .debug_macro   0x00000000000210ac      0x1e7 ./Core/Src/gpio.o
 .debug_macro   0x0000000000021293      0x1e7 ./Core/Src/i2c.o
 .debug_macro   0x000000000002147a      0x20d ./Core/Src/kb.o
 .debug_macro   0x0000000000021687       0x16 ./Core/Src/kb.o
 .debug_macro   0x000000000002169d      0x308 ./Core/Src/main.o
 .debug_macro   0x00000000000219a5       0x52 ./Core/Src/main.o
 .debug_macro   0x00000000000219f7       0x34 ./Core/Src/main.o
 .debug_macro   0x0000000000021a2b       0x16 ./Core/Src/main.o
 .debug_macro   0x0000000000021a41       0x35 ./Core/Src/main.o
 .debug_macro   0x0000000000021a76       0x16 ./Core/Src/main.o
 .debug_macro   0x0000000000021a8c       0x43 ./Core/Src/main.o
 .debug_macro   0x0000000000021acf       0x34 ./Core/Src/main.o
 .debug_macro   0x0000000000021b03       0x10 ./Core/Src/main.o
 .debug_macro   0x0000000000021b13       0x58 ./Core/Src/main.o
 .debug_macro   0x0000000000021b6b       0x71 ./Core/Src/main.o
 .debug_macro   0x0000000000021bdc       0x1c ./Core/Src/main.o
 .debug_macro   0x0000000000021bf8      0x12a ./Core/Src/main.o
 .debug_macro   0x0000000000021d22      0x341 ./Core/Src/main.o
 .debug_macro   0x0000000000022063       0x16 ./Core/Src/main.o
 .debug_macro   0x0000000000022079       0x29 ./Core/Src/main.o
 .debug_macro   0x00000000000220a2      0x1fa ./Core/Src/oled.o
 .debug_macro   0x000000000002229c      0x1fe ./Core/Src/pca9538.o
 .debug_macro   0x000000000002249a      0x2bf ./Core/Src/sdk_uart.o
 .debug_macro   0x0000000000022759       0x10 ./Core/Src/sdk_uart.o
 .debug_macro   0x0000000000022769       0x20 ./Core/Src/sdk_uart.o
 .debug_macro   0x0000000000022789      0x1dd ./Core/Src/stm32f4xx_hal_msp.o
 .debug_macro   0x0000000000022966      0x1e7 ./Core/Src/stm32f4xx_it.o
 .debug_macro   0x0000000000022b4d      0x1d3 ./Core/Src/system_stm32f4xx.o
 .debug_macro   0x0000000000022d20      0x1e7 ./Core/Src/usart.o
 .debug_macro   0x0000000000022f07      0x233 ./Drivers/STM32F4xx_HAL_Driver/Src/stm32f4xx_hal.o
 .debug_macro   0x000000000002313a      0x1d3 ./Drivers/STM32F4xx_HAL_Driver/Src/stm32f4xx_hal_cortex.o
 .debug_macro   0x000000000002330d      0x1d9 ./Drivers/STM32F4xx_HAL_Driver/Src/stm32f4xx_hal_gpio.o
 .debug_macro   0x00000000000234e6      0x21a ./Drivers/STM32F4xx_HAL_Driver/Src/stm32f4xx_hal_i2c.o
 .debug_macro   0x0000000000023700      0x1f7 ./Drivers/STM32F4xx_HAL_Driver/Src/stm32f4xx_hal_rcc.o
 .debug_macro   0x00000000000238f7      0x1d4 ./Drivers/STM32F4xx_HAL_Driver/Src/stm32f4xx_hal_uart.o

.debug_line     0x0000000000000000     0xf845
 .debug_line    0x0000000000000000      0x9c8 ./Core/Src/calc.o
 .debug_line    0x00000000000009c8      0x6a0 ./Core/Src/fonts.o
 .debug_line    0x0000000000001068      0x6c0 ./Core/Src/gpio.o
 .debug_line    0x0000000000001728      0x72b ./Core/Src/i2c.o
 .debug_line    0x0000000000001e53      0x7b7 ./Core/Src/kb.o
 .debug_line    0x000000000000260a      0x8d6 ./Core/Src/main.o
 .debug_line    0x0000000000002ee0      0x9f5 ./Core/Src/oled.o
 .debug_line    0x00000000000038d5      0x790 ./Core/Src/pca9538.o
 .debug_line    0x0000000000004065      0x84d ./Core/Src/sdk_uart.o
 .debug_line    0x00000000000048b2      0x6c4 ./Core/Src/stm32f4xx_hal_msp.o
 .debug_line    0x0000000000004f76      0x780 ./Core/Src/stm32f4xx_it.o
 .debug_line    0x00000000000056f6      0x745 ./Core/Src/system_stm32f4xx.o
 .debug_line    0x0000000000005e3b      0x72b ./Core/Src/usart.o
 .debug_line    0x0000000000006566       0x88 ./Core/Startup/startup_stm32f427vitx.o
 .debug_line    0x00000000000065ee      0x9e1 ./Drivers/STM32F4xx_HAL_Driver/Src/stm32f4xx_hal.o
 .debug_line    0x0000000000006fcf      0xc5a ./Drivers/STM32F4xx_HAL_Driver/Src/stm32f4xx_hal_cortex.o
 .debug_line    0x0000000000007c29      0xb47 ./Drivers/STM32F4xx_HAL_Driver/Src/stm32f4xx_hal_gpio.o
 .debug_line    0x0000000000008770     0x3960 ./Drivers/STM32F4xx_HAL_Driver/Src/stm32f4xx_hal_i2c.o
 .debug_line    0x000000000000c0d0      0xd25 ./Drivers/STM32F4xx_HAL_Driver/Src/stm32f4xx_hal_rcc.o
 .debug_line    0x000000000000cdf5     0x2a50 ./Drivers/STM32F4xx_HAL_Driver/Src/stm32f4xx_hal_uart.o

.debug_str      0x0000000000000000    0xd1b40
 .debug_str     0x0000000000000000    0xcbcd9 ./Core/Src/calc.o
                                      0xcbf92 (size before relaxing)
 .debug_str     0x00000000000cbcd9       0x3c ./Core/Src/fonts.o
                                      0xcaa67 (size before relaxing)
 .debug_str     0x00000000000cbd15      0x145 ./Core/Src/gpio.o
                                      0xcab25 (size before relaxing)
 .debug_str     0x00000000000cbe5a      0x59e ./Core/Src/i2c.o
                                      0xcb124 (size before relaxing)
 .debug_str     0x00000000000cc3f8       0xe8 ./Core/Src/kb.o
                                      0xcab74 (size before relaxing)
 .debug_str     0x00000000000cc4e0     0x2d13 ./Core/Src/main.o
                                      0xcdc91 (size before relaxing)
 .debug_str     0x00000000000cf1f3       0xed ./Core/Src/oled.o
                                      0xcb0fa (size before relaxing)
 .debug_str     0x00000000000cf2e0       0x7a ./Core/Src/pca9538.o
                                      0xcb062 (size before relaxing)
 .debug_str     0x00000000000cf35a      0x265 ./Core/Src/sdk_uart.o
                                      0xcdd19 (size before relaxing)
 .debug_str     0x00000000000cf5bf       0x2c ./Core/Src/stm32f4xx_hal_msp.o
                                      0xcab27 (size before relaxing)
 .debug_str     0x00000000000cf5eb       0xc9 ./Core/Src/stm32f4xx_it.o
                                      0xcaa9a (size before relaxing)
 .debug_str     0x00000000000cf6b4       0xdb ./Core/Src/system_stm32f4xx.o
                                      0xcabd7 (size before relaxing)
 .debug_str     0x00000000000cf78f       0x51 ./Core/Src/usart.o
                                      0xcb085 (size before relaxing)
 .debug_str     0x00000000000cf7e0       0x36 ./Core/Startup/startup_stm32f427vitx.o
                                         0x6e (size before relaxing)
 .debug_str     0x00000000000cf816      0xb8f ./Drivers/STM32F4xx_HAL_Driver/Src/stm32f4xx_hal.o
                                      0xcb7e3 (size before relaxing)
 .debug_str     0x00000000000d03a5      0x354 ./Drivers/STM32F4xx_HAL_Driver/Src/stm32f4xx_hal_cortex.o
                                      0xcb4c8 (size before relaxing)
 .debug_str     0x00000000000d06f9      0x15d ./Drivers/STM32F4xx_HAL_Driver/Src/stm32f4xx_hal_gpio.o
                                      0xcad52 (size before relaxing)
 .debug_str     0x00000000000d0856      0xaf7 ./Drivers/STM32F4xx_HAL_Driver/Src/stm32f4xx_hal_i2c.o
                                      0xcbb94 (size before relaxing)
 .debug_str     0x00000000000d134d      0x213 ./Drivers/STM32F4xx_HAL_Driver/Src/stm32f4xx_hal_rcc.o
                                      0xcb00b (size before relaxing)
 .debug_str     0x00000000000d1560      0x5e0 ./Drivers/STM32F4xx_HAL_Driver/Src/stm32f4xx_hal_uart.o
                                      0xcb597 (size before relaxing)

.comment        0x0000000000000000       0x50
 .comment       0x0000000000000000       0x50 ./Core/Src/calc.o
                                         0x51 (size before relaxing)
 .comment       0x0000000000000050       0x51 ./Core/Src/fonts.o
 .comment       0x0000000000000050       0x51 ./Core/Src/gpio.o
 .comment       0x0000000000000050       0x51 ./Core/Src/i2c.o
 .comment       0x0000000000000050       0x51 ./Core/Src/kb.o
 .comment       0x0000000000000050       0x51 ./Core/Src/main.o
 .comment       0x0000000000000050       0x51 ./Core/Src/oled.o
 .comment       0x0000000000000050       0x51 ./Core/Src/pca9538.o
 .comment       0x0000000000000050       0x51 ./Core/Src/sdk_uart.o
 .comment       0x0000000000000050       0x51 ./Core/Src/stm32f4xx_hal_msp.o
 .comment       0x0000000000000050       0x51 ./Core/Src/stm32f4xx_it.o
 .comment       0x0000000000000050       0x51 ./Core/Src/system_stm32f4xx.o
 .comment       0x0000000000000050       0x51 ./Core/Src/usart.o
 .comment       0x0000000000000050       0x51 ./Drivers/STM32F4xx_HAL_Driver/Src/stm32f4xx_hal.o
 .comment       0x0000000000000050       0x51 ./Drivers/STM32F4xx_HAL_Driver/Src/stm32f4xx_hal_cortex.o
 .comment       0x0000000000000050       0x51 ./Drivers/STM32F4xx_HAL_Driver/Src/stm32f4xx_hal_gpio.o
 .comment       0x0000000000000050       0x51 ./Drivers/STM32F4xx_HAL_Driver/Src/stm32f4xx_hal_i2c.o
 .comment       0x0000000000000050       0x51 ./Drivers/STM32F4xx_HAL_Driver/Src/stm32f4xx_hal_rcc.o
 .comment       0x0000000000000050       0x51 ./Drivers/STM32F4xx_HAL_Driver/Src/stm32f4xx_hal_uart.o

.debug_frame    0x0000000000000000     0x28f8
 .debug_frame   0x0000000000000000       0x64 ./Core/Src/calc.o
 .debug_frame   0x0000000000000064       0x38 ./Core/Src/gpio.o
 .debug_frame   0x000000000000009c       0x74 ./Core/Src/i2c.o
 .debug_frame   0x0000000000000110       0x58 ./Core/Src/kb.o
 .debug_frame   0x0000000000000168       0x70 ./Core/Src/main.o
 .debug_frame   0x00000000000001d8      0x1f0 ./Core/Src/oled.o
 .debug_frame   0x00000000000003c8       0xc4 ./Core/Src/pca9538.o
 .debug_frame   0x000000000000048c       0x58 ./Core/Src/sdk_uart.o
 .debug_frame   0x00000000000004e4       0x38 ./Core/Src/stm32f4xx_hal_msp.o
 .debug_frame   0x000000000000051c      0x10c ./Core/Src/stm32f4xx_it.o
 .debug_frame   0x0000000000000628       0x58 ./Core/Src/system_stm32f4xx.o
 .debug_frame   0x0000000000000680       0x74 ./Core/Src/usart.o
 .debug_frame   0x00000000000006f4      0x3b4 ./Drivers/STM32F4xx_HAL_Driver/Src/stm32f4xx_hal.o
 .debug_frame   0x0000000000000aa8      0x498 ./Drivers/STM32F4xx_HAL_Driver/Src/stm32f4xx_hal_cortex.o
 .debug_frame   0x0000000000000f40      0x14c ./Drivers/STM32F4xx_HAL_Driver/Src/stm32f4xx_hal_gpio.o
 .debug_frame   0x000000000000108c      0xc5c ./Drivers/STM32F4xx_HAL_Driver/Src/stm32f4xx_hal_i2c.o
 .debug_frame   0x0000000000001ce8      0x1f4 ./Drivers/STM32F4xx_HAL_Driver/Src/stm32f4xx_hal_rcc.o
 .debug_frame   0x0000000000001edc      0x92c ./Drivers/STM32F4xx_HAL_Driver/Src/stm32f4xx_hal_uart.o
 .debug_frame   0x0000000000002808       0x2c c:/st/stm32cubeide_1.12.0/stm32cubeide/plugins/com.st.stm32cube.ide.mcu.externaltools.gnu-tools-for-stm32.10.3-2021.10.win32_1.0.200.202301161003/tools/bin/../lib/gcc/arm-none-eabi/10.3.1/../../../../arm-none-eabi/lib/thumb/v7e-m+fp/hard\libc_nano.a(lib_a-init.o)
 .debug_frame   0x0000000000002834       0x20 c:/st/stm32cubeide_1.12.0/stm32cubeide/plugins/com.st.stm32cube.ide.mcu.externaltools.gnu-tools-for-stm32.10.3-2021.10.win32_1.0.200.202301161003/tools/bin/../lib/gcc/arm-none-eabi/10.3.1/../../../../arm-none-eabi/lib/thumb/v7e-m+fp/hard\libc_nano.a(lib_a-memset.o)
 .debug_frame   0x0000000000002854       0x44 c:/st/stm32cubeide_1.12.0/stm32cubeide/plugins/com.st.stm32cube.ide.mcu.externaltools.gnu-tools-for-stm32.10.3-2021.10.win32_1.0.200.202301161003/tools/bin/../lib/gcc/arm-none-eabi/10.3.1/thumb/v7e-m+fp/hard\libgcc.a(_aeabi_ldivmod.o)
 .debug_frame   0x0000000000002898       0x2c c:/st/stm32cubeide_1.12.0/stm32cubeide/plugins/com.st.stm32cube.ide.mcu.externaltools.gnu-tools-for-stm32.10.3-2021.10.win32_1.0.200.202301161003/tools/bin/../lib/gcc/arm-none-eabi/10.3.1/thumb/v7e-m+fp/hard\libgcc.a(_aeabi_uldivmod.o)
 .debug_frame   0x00000000000028c4       0x34 c:/st/stm32cubeide_1.12.0/stm32cubeide/plugins/com.st.stm32cube.ide.mcu.externaltools.gnu-tools-for-stm32.10.3-2021.10.win32_1.0.200.202301161003/tools/bin/../lib/gcc/arm-none-eabi/10.3.1/thumb/v7e-m+fp/hard\libgcc.a(_udivmoddi4.o)
