../Core/Src/oled.c:9:13:oled_WriteCommand	32	static
../Core/Src/oled.c:13:6:oled_Reset	8	static
../Core/Src/oled.c:19:9:oled_Init	8	static
../Core/Src/oled.c:63:6:oled_Fill	24	static
../Core/Src/oled.c:72:6:oled_UpdateScreen	32	static
../Core/Src/oled.c:84:6:oled_DrawPixel	16	static
../Core/Src/oled.c:100:6:oled_DrawHLine	32	static
../Core/Src/oled.c:105:6:oled_DrawVLine	32	static
../Core/Src/oled.c:110:6:oled_DrawSquare	24	static
../Core/Src/oled.c:116:6:oled_WriteChar	48	static
../Core/Src/oled.c:140:6:oled_WriteString	24	static
../Core/Src/oled.c:150:6:oled_SetCursor	16	static
../Core/Src/oled.c:155:6:oled_DrawBitmap	24	static
